2026-05-15 15:04:28 INFO  [restartedMain] c.p.d.g.DiagnosticGovernanceServiceApplication requestId= tenantId= hospitalId= branchId= userId= - Starting DiagnosticGovernanceServiceApplication using Java 17.0.8 with PID 20404 (C:\Users\ms\OneDrive\Desktop\diagnostic-governance-service\target\classes started by ms in C:\Users\ms\OneDrive\Desktop\diagnostic-governance-service)
2026-05-15 15:04:28 DEBUG [restartedMain] c.p.d.g.DiagnosticGovernanceServiceApplication requestId= tenantId= hospitalId= branchId= userId= - Running with Spring Boot v3.4.4, Spring v6.2.5
2026-05-15 15:04:28 INFO  [restartedMain] c.p.d.g.DiagnosticGovernanceServiceApplication requestId= tenantId= hospitalId= branchId= userId= - No active profile set, falling back to 1 default profile: "default"
2026-05-15 15:04:28 INFO  [restartedMain] o.s.b.d.e.DevToolsPropertyDefaultsPostProcessor requestId= tenantId= hospitalId= branchId= userId= - Devtools property defaults active! Set 'spring.devtools.add-properties' to 'false' to disable
2026-05-15 15:04:28 INFO  [restartedMain] o.s.b.d.e.DevToolsPropertyDefaultsPostProcessor requestId= tenantId= hospitalId= branchId= userId= - For additional web related logging consider setting the 'logging.level.web' property to 'DEBUG'
2026-05-15 15:04:33 INFO  [restartedMain] o.s.b.w.e.tomcat.TomcatWebServer requestId= tenantId= hospitalId= branchId= userId= - Tomcat initialized with port 8101 (http)
2026-05-15 15:04:33 INFO  [restartedMain] o.a.catalina.core.StandardService requestId= tenantId= hospitalId= branchId= userId= - Starting service [Tomcat]
2026-05-15 15:04:33 INFO  [restartedMain] o.a.catalina.core.StandardEngine requestId= tenantId= hospitalId= branchId= userId= - Starting Servlet engine: [Apache Tomcat/10.1.39]
2026-05-15 15:04:33 INFO  [restartedMain] o.a.c.c.C.[Tomcat].[localhost].[/] requestId= tenantId= hospitalId= branchId= userId= - Initializing Spring embedded WebApplicationContext
2026-05-15 15:04:33 INFO  [restartedMain] o.s.b.w.s.c.ServletWebServerApplicationContext requestId= tenantId= hospitalId= branchId= userId= - Root WebApplicationContext: initialization completed in 4878 ms
2026-05-15 15:04:35 DEBUG [restartedMain] c.p.d.g.s.JwtAuthenticationFilter requestId= tenantId= hospitalId= branchId= userId= - Filter 'jwtAuthenticationFilter' configured for use
2026-05-15 15:04:36 WARN  [restartedMain] o.s.b.a.s.s.UserDetailsServiceAutoConfiguration requestId= tenantId= hospitalId= branchId= userId= - 

Using generated security password: 27223618-50c7-4093-9e53-4039601de65a

This generated password is for development use only. Your security configuration must be updated before running your application in production.

2026-05-15 15:04:36 INFO  [restartedMain] o.s.s.c.a.a.c.InitializeUserDetailsBeanManagerConfigurer$InitializeUserDetailsManagerConfigurer requestId= tenantId= hospitalId= branchId= userId= - Global AuthenticationManager configured with UserDetailsService bean with name inMemoryUserDetailsManager
2026-05-15 15:04:38 WARN  [restartedMain] o.s.b.d.a.OptionalLiveReloadServer requestId= tenantId= hospitalId= branchId= userId= - Unable to start LiveReload server
2026-05-15 15:04:38 INFO  [restartedMain] o.s.b.w.e.tomcat.TomcatWebServer requestId= tenantId= hospitalId= branchId= userId= - Tomcat started on port 8101 (http) with context path '/'
2026-05-15 15:04:38 INFO  [restartedMain] c.p.d.g.DiagnosticGovernanceServiceApplication requestId= tenantId= hospitalId= branchId= userId= - Started DiagnosticGovernanceServiceApplication in 11.752 seconds (process running for 28.18)
2026-05-15 15:08:43 INFO  [http-nio-8101-exec-2] o.a.c.c.C.[Tomcat].[localhost].[/] requestId= tenantId= hospitalId= branchId= userId= - Initializing Spring DispatcherServlet 'dispatcherServlet'
2026-05-15 15:08:43 INFO  [http-nio-8101-exec-2] o.s.web.servlet.DispatcherServlet requestId= tenantId= hospitalId= branchId= userId= - Initializing Servlet 'dispatcherServlet'
2026-05-15 15:08:43 INFO  [http-nio-8101-exec-2] o.s.web.servlet.DispatcherServlet requestId= tenantId= hospitalId= branchId= userId= - Completed initialization in 3 ms
2026-05-15 15:08:43 INFO  [http-nio-8101-exec-2] com.zaxxer.hikari.HikariDataSource requestId=5699d32f-2b65-4fe1-9de9-a2de61da3550 tenantId=1 hospitalId=1 branchId=br_main userId=1 - HikariPool-1 - Starting...
2026-05-15 15:08:44 INFO  [http-nio-8101-exec-2] com.zaxxer.hikari.pool.HikariPool requestId=5699d32f-2b65-4fe1-9de9-a2de61da3550 tenantId=1 hospitalId=1 branchId=br_main userId=1 - HikariPool-1 - Added connection com.mysql.cj.jdbc.ConnectionImpl@3ae145a7
2026-05-15 15:08:44 INFO  [http-nio-8101-exec-2] com.zaxxer.hikari.HikariDataSource requestId=5699d32f-2b65-4fe1-9de9-a2de61da3550 tenantId=1 hospitalId=1 branchId=br_main userId=1 - HikariPool-1 - Start completed.
