2026-05-15 13:02:19 INFO  [restartedMain] c.p.d.i.DiagnosticIntegrationServiceApplication requestId= tenantId= hospitalId= branchId= userId= - Starting DiagnosticIntegrationServiceApplication using Java 17.0.8 with PID 19880 (C:\Users\ms\OneDrive\Desktop\diagnostic-integration-service\target\classes started by ms in C:\Users\ms\OneDrive\Desktop\diagnostic-integration-service)
2026-05-15 13:02:19 DEBUG [restartedMain] c.p.d.i.DiagnosticIntegrationServiceApplication requestId= tenantId= hospitalId= branchId= userId= - Running with Spring Boot v3.4.4, Spring v6.2.5
2026-05-15 13:02:19 INFO  [restartedMain] c.p.d.i.DiagnosticIntegrationServiceApplication requestId= tenantId= hospitalId= branchId= userId= - No active profile set, falling back to 1 default profile: "default"
2026-05-15 13:02:19 INFO  [restartedMain] o.s.b.d.e.DevToolsPropertyDefaultsPostProcessor requestId= tenantId= hospitalId= branchId= userId= - Devtools property defaults active! Set 'spring.devtools.add-properties' to 'false' to disable
2026-05-15 13:02:19 INFO  [restartedMain] o.s.b.d.e.DevToolsPropertyDefaultsPostProcessor requestId= tenantId= hospitalId= branchId= userId= - For additional web related logging consider setting the 'logging.level.web' property to 'DEBUG'
2026-05-15 13:02:22 INFO  [restartedMain] o.s.b.w.e.tomcat.TomcatWebServer requestId= tenantId= hospitalId= branchId= userId= - Tomcat initialized with port 8100 (http)
2026-05-15 13:02:22 INFO  [restartedMain] o.a.catalina.core.StandardService requestId= tenantId= hospitalId= branchId= userId= - Starting service [Tomcat]
2026-05-15 13:02:22 INFO  [restartedMain] o.a.catalina.core.StandardEngine requestId= tenantId= hospitalId= branchId= userId= - Starting Servlet engine: [Apache Tomcat/10.1.39]
2026-05-15 13:02:22 INFO  [restartedMain] o.a.c.c.C.[Tomcat].[localhost].[/] requestId= tenantId= hospitalId= branchId= userId= - Initializing Spring embedded WebApplicationContext
2026-05-15 13:02:22 INFO  [restartedMain] o.s.b.w.s.c.ServletWebServerApplicationContext requestId= tenantId= hospitalId= branchId= userId= - Root WebApplicationContext: initialization completed in 2904 ms
2026-05-15 13:02:22 DEBUG [restartedMain] c.p.d.i.s.JwtAuthenticationFilter requestId= tenantId= hospitalId= branchId= userId= - Filter 'jwtAuthenticationFilter' configured for use
2026-05-15 13:02:22 WARN  [restartedMain] o.s.b.a.s.s.UserDetailsServiceAutoConfiguration requestId= tenantId= hospitalId= branchId= userId= - 

Using generated security password: 6a0752bb-9365-45f6-bb8e-5bb528d54876

This generated password is for development use only. Your security configuration must be updated before running your application in production.

2026-05-15 13:02:22 INFO  [restartedMain] o.s.s.c.a.a.c.InitializeUserDetailsBeanManagerConfigurer$InitializeUserDetailsManagerConfigurer requestId= tenantId= hospitalId= branchId= userId= - Global AuthenticationManager configured with UserDetailsService bean with name inMemoryUserDetailsManager
2026-05-15 13:02:23 WARN  [restartedMain] o.s.b.d.a.OptionalLiveReloadServer requestId= tenantId= hospitalId= branchId= userId= - Unable to start LiveReload server
2026-05-15 13:02:23 INFO  [restartedMain] o.s.b.w.e.tomcat.TomcatWebServer requestId= tenantId= hospitalId= branchId= userId= - Tomcat started on port 8100 (http) with context path '/'
2026-05-15 13:02:23 INFO  [restartedMain] c.p.d.i.DiagnosticIntegrationServiceApplication requestId= tenantId= hospitalId= branchId= userId= - Started DiagnosticIntegrationServiceApplication in 5.293 seconds (process running for 6.781)
2026-05-15 13:06:18 INFO  [http-nio-8100-exec-2] o.a.c.c.C.[Tomcat].[localhost].[/] requestId= tenantId= hospitalId= branchId= userId= - Initializing Spring DispatcherServlet 'dispatcherServlet'
2026-05-15 13:06:18 INFO  [http-nio-8100-exec-2] o.s.web.servlet.DispatcherServlet requestId= tenantId= hospitalId= branchId= userId= - Initializing Servlet 'dispatcherServlet'
2026-05-15 13:06:18 INFO  [http-nio-8100-exec-2] o.s.web.servlet.DispatcherServlet requestId= tenantId= hospitalId= branchId= userId= - Completed initialization in 74 ms
2026-05-15 13:06:18 INFO  [http-nio-8100-exec-2] com.zaxxer.hikari.HikariDataSource requestId=b8815336-358e-47d6-849a-3c3c16b4ab78 tenantId=1 hospitalId=1 branchId=br_main userId=1 - HikariPool-1 - Starting...
2026-05-15 13:06:19 INFO  [http-nio-8100-exec-2] com.zaxxer.hikari.pool.HikariPool requestId=b8815336-358e-47d6-849a-3c3c16b4ab78 tenantId=1 hospitalId=1 branchId=br_main userId=1 - HikariPool-1 - Added connection com.mysql.cj.jdbc.ConnectionImpl@2093ba0b
2026-05-15 13:06:19 INFO  [http-nio-8100-exec-2] com.zaxxer.hikari.HikariDataSource requestId=b8815336-358e-47d6-849a-3c3c16b4ab78 tenantId=1 hospitalId=1 branchId=br_main userId=1 - HikariPool-1 - Start completed.
2026-05-15 13:56:18 WARN  [HikariPool-1 housekeeper] com.zaxxer.hikari.pool.HikariPool requestId= tenantId= hospitalId= branchId= userId= - HikariPool-1 - Thread starvation or clock leap detected (housekeeper delta=22m27s993ms64µs400ns).
2026-05-15 13:59:17 WARN  [RMI TCP Connection(37)-127.0.0.1] javax.management.remote.misc requestId= tenantId= hospitalId= branchId= userId= - The server has decided to close this client connection.
2026-05-15 14:58:56 WARN  [HikariPool-1 housekeeper] com.zaxxer.hikari.pool.HikariPool requestId= tenantId= hospitalId= branchId= userId= - HikariPool-1 - Thread starvation or clock leap detected (housekeeper delta=2m13s767ms722µs600ns).
